2026-04-27T12:18:53Z 6a6f500804f47f8b57571c866b0da018919f62ea unknown
2026-04-27T12:19:30Z 88955fd8283f10775d946a110769d9f161c7d636 unknown
2026-04-27T12:19:46Z 5457833599a1df8732197bc56bd51608c105ad68 unknown
2026-04-27T12:20:30Z 2138dba9a56cdebac068f4a0d5f303a7cc26eaa0 unknown
2026-04-27T12:22:10Z f0c30feb2d574280bdd6ac7003834ef7b0fc8581 unknown
2026-04-27T22:24:30Z a2891977b9255118736c056bfe5f76737af76210 unknown
2026-04-30T12:07:42Z a2891977b9255118736c056bfe5f76737af76210 unknown
2026-04-30T12:08:41Z 2f4d7efb96bc7ba2788ec9e6c7367387fba072dc unknown
2026-04-30T12:08:50Z c5b60b566b0e432708b9d3079725417a6f0b770b unknown
2026-04-30T12:08:51Z 394907989c93f1b095d1a868ad6a116c6d38e22a unknown
2026-04-30T12:08:51Z 3e85523c76c2ea81101e0a2d44e7bad1dc6a60eb unknown
2026-04-30T12:09:00Z a3f0f72deaff1589b721caf448c196806d10d903 unknown
2026-04-30T12:09:01Z 0b8f53ef884b9aac276404f91e67b32293b4d017 unknown
2026-04-30T12:09:01Z 157ded4cdd887baf420f0a166a156c80e6c45ad6 unknown
2026-04-30T12:09:02Z a55431a39ab3869b7059334cb3d1ff4df9203aba unknown
2026-04-30T12:09:02Z c0eb1a9dc3798efd9b775c6be48d5dcd1e57d244 unknown
2026-04-30T12:09:14Z 7a909da5848f6f3a2f251f7a2b6cb324e54eebe5 unknown
2026-04-30T12:09:15Z 8652fc8e2a025721ce889fba89d8091ea95598b4 unknown
2026-04-30T12:09:15Z 5d415bbb413fc2e5440b6878bb16efa699296043 unknown
2026-04-30T12:09:16Z fc11cbf122fff92dfbb91cce2dbf948102599f6b unknown
2026-04-30T12:09:16Z 3affdc2b92cf2963c0970679fef04552d07fff28 unknown
2026-04-30T12:09:16Z 0ddb47b1502f98c812c34990510ceda845d37160 unknown
2026-04-30T12:09:17Z eddab5e069ac78e8cb45e07dc94ea773f54605da unknown
2026-04-30T12:09:35Z c98320796cd24dd4331853926b5586c51b8ed077 unknown
2026-04-30T12:09:44Z 34f244e06e85e5135be200a32f162f04273f5a19 unknown
2026-04-30T12:09:55Z bcb3763bd4d640b8adcfe120d7b6765514d7e9c1 unknown
2026-04-30T12:10:28Z a652150644dbd65f26beb180164e2e892721eb86 unknown
2026-04-30T12:14:57Z 1526601575bd368071ccde5aa2b00bb0f30a3b02 unknown
2026-04-30T13:53:09Z 7870bca95aab12aea16a1fe71e4803d6b34b786e unknown
2026-04-30T13:56:13Z 7870bca95aab12aea16a1fe71e4803d6b34b786e unknown
2026-04-30T13:57:52Z 7870bca95aab12aea16a1fe71e4803d6b34b786e unknown
2026-04-30T14:22:38Z PRE_COMMIT_RETRO d1781364253e1f4d5bf7a5b5efbd0642c5034079 (FIX-PRECOMMIT-CANOPY-V1 後 retroactive 記録)
2026-04-30T14:22:58Z d1781364253e1f4d5bf7a5b5efbd0642c5034079 retroactive_post_canopy_fix
2026-05-01T06:16:55Z 73da7b26d0fe5c0e545e292536a177b09e7b11b3 comprehensive_review_2026-05-01_post_amend (post-commit canopy_fire write missing, FIX-LAIS-POST-COMMIT-CANOPY-V2 候補)
2026-05-01T06:54:48Z 73da7b26d0fe5c0e545e292536a177b09e7b11b3 gap_closure_2026-05-01_p0_security_propagation (post-commit canopy_fire write missing, FIX-LAIS-POST-COMMIT-CANOPY-V2 候補)
2026-05-01T06:55:03Z 7801c93f9aead1ff9a91c9ca2d5ee57029fd53ad gap_closure_2026-05-01_p0_security_propagation_v2
2026-05-01T08:50:33Z 7801c93f9aead1ff9a91c9ca2d5ee57029fd53ad session2_design_comprehensive_propagation
2026-05-01T08:52:30Z 7801c93f9aead1ff9a91c9ca2d5ee57029fd53ad session2_design_comprehensive_v3
2026-05-01T08:56:25Z 7025a48550e28a7785e472c69a2ccc75b6bea134 session2_lais_v3
2026-05-01T09:10:14Z e7fff9bfc1a533c38773875f913d18de759b10f0 ci_fix_changeable_policy_tag_9_files
2026-05-01T09:11:43Z 5b64b5456041f554bf05fa2708c42474a4f96161 ci_fix_spec_lint_target_arg
2026-05-01T11:22:06Z 5b64b5456041f554bf05fa2708c42474a4f96161 lais_wave1_h_17_tickets_done
2026-05-01T11:25:22Z 5b64b5456041f554bf05fa2708c42474a4f96161 lais_external_review_critical_fix
2026-05-01T11:28:16Z 5b64b5456041f554bf05fa2708c42474a4f96161 lais_external_review_R3_fix
2026-05-01T11:31:13Z 5b64b5456041f554bf05fa2708c42474a4f96161 lais_external_review_R4_R5_fix
2026-05-01T11:34:14Z 5b64b5456041f554bf05fa2708c42474a4f96161 lais_external_review_R1_to_R7_batch_fix
2026-05-01T12:07:44Z 5b64b5456041f554bf05fa2708c42474a4f96161 lais_R1_R7_batch
2026-05-01T12:09:31Z 210bdca11f2ff922fc1f265741d24d4130354fac lais_R1_R7_batch_clean
2026-05-01T13:38:31Z 210bdca11f2ff922fc1f265741d24d4130354fac lais_h_full_body_commit
2026-05-01T13:39:13Z 472162033e9b17ed7d744f3ded12657407d528f8 lais_h_residual_a
2026-05-01T13:39:23Z f08da368d85dfe394b8571e02f009f1ce7e9d3a7 lais_h_residual_b_goals
2026-05-01T13:40:55Z f08da368d85dfe394b8571e02f009f1ce7e9d3a7 lais_h_residual_c_workflows
2026-05-01T13:43:12Z f08da368d85dfe394b8571e02f009f1ce7e9d3a7 synthetic_monitor_R9_R10
2026-05-01T13:45:04Z 7aa6e70f83388e981b1784e3c40f25a39a0b5316 synthetic_monitor_R11
2026-05-01T14:39:06Z 7aa6e70f83388e981b1784e3c40f25a39a0b5316 round4_p0_fix_phase_a
2026-05-01T14:50:09Z 7aa6e70f83388e981b1784e3c40f25a39a0b5316 round4_p0_lais_full
2026-05-01T15:04:08Z 7aa6e70f83388e981b1784e3c40f25a39a0b5316 round_4_5_6_p0_fix_phase_a_complete
2026-05-01T15:05:54Z 7aa6e70f83388e981b1784e3c40f25a39a0b5316 round_4_5_6_p0_fix_complete
2026-05-01T15:08:46Z 7aa6e70f83388e981b1784e3c40f25a39a0b5316 round_4_5_6_p0_fix_complete_v2
2026-05-01T15:10:27Z 7aa6e70f83388e981b1784e3c40f25a39a0b5316 round_4_5_6_p0_dual_sw_fix
2026-05-01T15:12:33Z 7aa6e70f83388e981b1784e3c40f25a39a0b5316 phase_a_p0_fix_clean
2026-05-01T15:14:53Z 7aa6e70f83388e981b1784e3c40f25a39a0b5316 phase_a_p0_fix_round_5_6_clean
2026-05-01T15:18:05Z 7aa6e70f83388e981b1784e3c40f25a39a0b5316 phase_a_p0_complete_v3
2026-05-01T15:19:32Z 7aa6e70f83388e981b1784e3c40f25a39a0b5316 phase_a_p0_complete_v4_kv_race_fix
2026-05-01T15:20:44Z 7aa6e70f83388e981b1784e3c40f25a39a0b5316 phase_a_p0_complete_v5_sw_note
2026-05-01T15:22:15Z 7aa6e70f83388e981b1784e3c40f25a39a0b5316 phase_a_p0_complete_v6_balanced_fallback
2026-05-01T15:23:16Z 7aa6e70f83388e981b1784e3c40f25a39a0b5316 phase_a_p0_complete_v7
2026-05-01T15:46:58Z 22bd13ccf08347cb85c1faf73937bd4bffb6e06a round_22_23_24_external_review_clean
2026-05-01T15:52:04Z b7f46d6d5f79bba3052e75b2ee9217604f6b728d round_25_high_med_fixes
2026-05-01T16:01:19Z 7bb0b6b48c64418173eb30e46c455199673d09ce round_27_security_definer_unify_cleanup
2026-05-01T19:48:36Z e1aa8de42080247a67938a4c930bf68232d14770 round_28_internal_review_fixes
2026-05-01T19:55:41Z 6fc51e19af77ec8f90c067b456322065b587f510 round_29_security_REJECT_fixes
2026-05-02T02:27:01Z dfce6cfdd067a45b27946e0df89ff0462530a00b prod_404_fix_e2e_31pass
2026-05-02T10:06:47Z 808e494b6b6935e6833d05e5ac53a9ca4773df39 prod_deploy_kv_binding_fix
2026-05-02T10:09:26Z f05aaa1e174c4433bcde5aa9c679c4ca07e29af2 commit_untracked_critical_files
2026-05-02T10:34:06Z 475c9f29f5d6b76edce14eba0137d137469dd1c8 round_30_schema_fix_full_prod_deploy
2026-05-02T11:30:45Z a490c79009af3bcbdef89fa53897ee5b7aac8901 round_31_catF_p0_stripe_dlq
2026-05-02T11:42:26Z 7f7a018eab1b4c5988d0f71a89ef8801a9b937ee round_31_p0_batch2_cat_g_b_a
2026-05-02T11:49:06Z 95ee206c65d842e80a64ee2d392ad42fbf5d894e round_31_p0_batch3_cat_i_input_guard
2026-05-02T12:03:51Z 5c37f631590a99fd0ce11fc1ac25e5f080188aa4 round_31_p0_batch4_input_guard_expand_continuous_executor
2026-05-02T12:09:25Z d08237bbcbc6d34889d4d084d9fbf5399fb2bec0 round_31_batch5_gemini_google_search_off
2026-05-02T12:17:07Z 273f8265b6784a0e119b584a9a0f3da2f5613938 round_31_batch6_owner_key_httponly
2026-05-02T12:28:49Z 5eadc147f3ac7b431901764b28c4cd2ce20ffbc4 round_31_batch7_chat_system_whitelist
2026-05-02T12:33:26Z bdc5aef901b6fc15d572e7a3c38ef16c7a5c1a0d ci_baseline_22_fix
2026-05-02T12:36:20Z bba37dd65cbf456b988e7ce298e2af693d51ae81 ci_synthetic_monitor_fix
2026-05-02T12:49:56Z 71fc6ee30848ccd5e5a26adee394159ec11b21b3 adv_violation_log_43_hidden_disclosure
2026-05-02T12:50:28Z 37dc80046c4bb49d1dcb8f1667602117f79702d0 adv_violation_log_p5_test_coverage
2026-05-02T12:52:52Z 96ef23774bbf8f158d8761c9f70d5e7b88b81d40 round_31_batch8_deep_context_server_store
2026-05-02T12:58:38Z 3d7df66daaf4ea7b536ebc34784244ed9e5efc43 round_31_batch9_memo_authz
2026-05-02T13:22:41Z d784e0bc903a581f62e111fcc8b67c62f31a4c7e round_31_batch10_token_hmac_signed
