# logs/smoke_results.log
# format: <timestamp(ISO8601 UTC)>\t<phase>\t<target>\t<result(PASS|FAIL)>
# 親: §2.25.21.4 / sub_testing.md §9 / sub_review_flow.md §10 / docs/ops/smoke_results_format.md
# 暫定運用: Phase B 期間中は手動 curl + Playwright headless で記録
2026-04-25T17:07:12Z	A	S-00	PASS
2026-04-25T17:07:12Z	A	S-01-signin	PASS
2026-04-25T17:07:12Z	A	S-01-signup	PASS
2026-04-25T17:07:12Z	A	S-10-grow	PASS
2026-04-25T17:07:12Z	A	S-14-goal-detail	PASS
2026-04-25T17:07:12Z	A	S-20-talk	PASS
2026-04-25T17:07:12Z	A	S-30-me	PASS
2026-04-25T17:07:12Z	A	S-02-onboarding	PASS
2026-04-25T17:07:12Z	A	S-auth-callback	PASS
2026-04-25T17:07:12Z	A	S-01-submit	PASS
2026-04-25T17:08:11Z	A	S-12-task-add	PASS
2026-04-25T17:08:11Z	A	S-13-task-detail	PASS
2026-04-25T17:08:11Z	A	S-15-goal-create	PASS
2026-04-25T17:08:11Z	A	S-20-tab-talk	PASS
2026-04-25T17:08:11Z	A	S-30-tab-me	PASS
2026-04-25T21:22:00Z	A	S-15-goal-create-retest	PASS
2026-04-26T00:00:00Z	A	BUG-RT-AUTH-GATE-FIX	PASS	protected 6 routes redirect to /auth?mode=login (smoke=/tmp/lais_authgate_smoke.mjs PASS=9 FAIL=0)
2026-04-26T00:00:00Z	A	BUG-RT-AUTH-GATE-RETEST	PASS	existing retest smoke 12 PASS / 0 FAIL after RequireAuth wrap (no regression)
2026-04-26T17:30:00Z	BUG-RT-SIGNUP-DUPLICATE-UX	signup-duplicate	既登録メアド signup → identities=[] パターンで重複通知 + ログイン切替ボタン表示	PASS
2026-04-26T17:30:00Z	BUG-RT-SIGNUP-DUPLICATE-UX	signup-duplicate	既登録メアド signup → error.message パターンで重複通知 + ログイン切替ボタン表示	PASS
2026-04-26T17:30:00Z	BUG-RT-SIGNUP-DUPLICATE-UX	signup-duplicate	「ログインに切替」ボタンクリック → /auth?mode=login&email=... 遷移 + メアド prefill	PASS
2026-04-26T17:30:00Z	SUMMARY	BUG-RT-SIGNUP-DUPLICATE-UX	PASS=6	FAIL=0	(signup-duplicate.spec.ts 3 件 + s01-auth.spec.ts 3 件 / 既存 baseline 不変 = 全 smoke 43 PASS / 2 既存 error-boundary FAIL)
2026-04-26T17:35:00Z	BUG-RT-SIGNUP-DUPLICATE-UX	cf-redeploy	deploy=4d601932 / curl health 200	PASS	(https://4d601932.lais-3yk.pages.dev / / /auth/callback)
2026-04-26T17:35:00Z	BUG-RT-SIGNUP-DUPLICATE-UX	cf-redeploy	cf-redeploy spec 16 PASS（既存 BUG-RT 修正反映確認）	PASS
2026-04-26T17:35:00Z	BUG-RT-SIGNUP-DUPLICATE-UX	cf-redeploy	S01Auth bundle に s01-duplicate-{notice,message,switch} CSS class + 「既に登録されています」文言含有	PASS
2026-04-26T17:35:00Z	SUMMARY-CF	BUG-RT-SIGNUP-DUPLICATE-UX	PASS=19	FAIL=0	(本ミッション cf-redeploy 3 件 + 既存 cf-redeploy spec 16 件、deploy=4d601932)
2026-04-26T09:57:34Z	A	test-target	PASS
2026-04-28T12:00:00Z	STAGE-7-2-EMOJI-TO-SVG	stage7_2_emoji_svg.spec.ts	PASS=9	FAIL=0	(4 themes x 6 screens = 24 screenshots / 30 SVG icons / emoji residual=0 / design:design-handoff invoked)
2026-04-28T08:50:00Z	STAGE-7-3	stage7_3_theme_apply	PASS	21 画面 × 4 テーマ matrix (84 ケース) + 否定検証 1 件 = 85 PASS / 0 FAIL (npx playwright test tests/smoke/stage7_3_theme_apply.spec.ts --reporter=list)
2026-04-28T08:50:00Z	STAGE-7-3	hardcoded-color-gate	PASS	grep result = 0 (lais/src/components/screens/ ハードコード色全消去、theme token 化完了)
2026-04-28T08:50:00Z	STAGE-7-3	screen-count-gate	PASS	21 jsx files = 21 (S-00/01/02/10/11/12/13/14/15/20/30/31/32/33/40/41/42/43/50/60 + AuthCallback)
2026-04-28T08:50:00Z	STAGE-7-3	screenshot-gate	PASS	84 PNG saved at tests/e2e/screenshots/stage7_3/<theme>_<screen>.png (apple/totoro/dq/cyberpunk × 21 画面)
2026-04-28T08:50:00Z	SUMMARY	STAGE-7-3-THEME-APPLY-21-SCREENS	PASS=85	FAIL=0	(Stage 7-3 完了条件 5 件全部 PASS、design:design-handoff Skill 利用済)
2026-04-29T01:20:00Z	STAGE-7-4-PREP	debt-cleanup-spec	PASS	tests/smoke/stage7_4_prep_debt_cleanup.spec.ts 43/43 tests pass (skip-link DOM 21 + new tokens 8 + contrast 9 + finder duplicate + window.prompt removal + dq deep-bg)
2026-04-29T01:20:00Z	STAGE-7-4-PREP	finder-duplicate-deletion	PASS	themes 2.css / global 2.css / tokens 2.css 全削除 (count = 0)
2026-04-29T01:20:00Z	STAGE-7-4-PREP	window-prompt-removal	PASS	S30MeProfile.jsx の window.prompt 撤廃しインライン編集モーダル化 (grep count = 0)
2026-04-29T01:20:00Z	STAGE-7-4-PREP	bg-error-text-error-token	PASS	--bg-error / --text-error 4 テーマすべて定義 (count = 8) + --theme-color-error-bg/text (count = 16)
2026-04-29T01:20:00Z	STAGE-7-4-PREP	icon-highlight-token	PASS	--theme-icon-highlight 4 テーマ定義 (count = 4) + 16 SVG dq branch fill="#fffce8" 全置換 (残存 0)
2026-04-29T01:20:00Z	STAGE-7-4-PREP	skip-link-implementation	PASS	App.jsx に <a class="skip-link" href="#main-content"> + 21 screens に id="main-content" + global.css に skip-link CSS
2026-04-29T01:20:00Z	STAGE-7-4-PREP	totoro-accent-aa	PASS	totoro accent #5a9e3a → #3b6e23 (white text 上で 5.0:1 = AA pass)
2026-04-29T01:20:00Z	STAGE-7-4-PREP	cyberpunk-muted-aa	PASS	cyberpunk text-muted #4a4a55 → #a3a3b0 (#0a0a0a 上で 7.5:1 = AA pass)
2026-04-29T01:20:00Z	STAGE-7-4-PREP	dq-secondary-cta-aa	PASS	DQ S00 secondary CTA color: text-inverse on bg = 13.4:1 = AA pass
2026-04-29T01:20:00Z	STAGE-7-4-PREP	new-tokens-coverage	PASS	+10 token カテゴリ追加 (error / icon-highlight / glow x2 / glitch x3 / scanline x2 / chromatic / flicker) を 4 テーマすべてに同名定義
2026-04-29T01:20:00Z	SUMMARY	TASK-STAGE7-4-PREP-DEBT-CLEANUP-V1	PASS=43	FAIL=0	(8 件 + α 全完了、Stage 7-4 着手準備 OK)
