# logs/smoke_results.log
# format: <timestamp(ISO8601 UTC)>\t<phase>\t<target>\t<result(PASS|FAIL)>
# 親: §2.25.21.4 / sub_testing.md §9 / sub_review_flow.md §10 / docs/ops/smoke_results_format.md
# 暫定運用: Phase B 期間中は手動 curl + Playwright headless で記録
2026-04-25T17:07:12Z	A	S-00	PASS
2026-04-25T17:07:12Z	A	S-01-signin	PASS
2026-04-25T17:07:12Z	A	S-01-signup	PASS
2026-04-25T17:07:12Z	A	S-10-grow	PASS
2026-04-25T17:07:12Z	A	S-14-goal-detail	PASS
2026-04-25T17:07:12Z	A	S-20-talk	PASS
2026-04-25T17:07:12Z	A	S-30-me	PASS
2026-04-25T17:07:12Z	A	S-02-onboarding	PASS
2026-04-25T17:07:12Z	A	S-auth-callback	PASS
2026-04-25T17:07:12Z	A	S-01-submit	PASS
2026-04-25T17:08:11Z	A	S-12-task-add	PASS
2026-04-25T17:08:11Z	A	S-13-task-detail	PASS
2026-04-25T17:08:11Z	A	S-15-goal-create	PASS
2026-04-25T17:08:11Z	A	S-20-tab-talk	PASS
2026-04-25T17:08:11Z	A	S-30-tab-me	PASS
2026-04-25T21:22:00Z	A	S-15-goal-create-retest	PASS
2026-04-26T00:00:00Z	A	BUG-RT-AUTH-GATE-FIX	PASS	protected 6 routes redirect to /auth?mode=login (smoke=/tmp/lais_authgate_smoke.mjs PASS=9 FAIL=0)
2026-04-26T00:00:00Z	A	BUG-RT-AUTH-GATE-RETEST	PASS	existing retest smoke 12 PASS / 0 FAIL after RequireAuth wrap (no regression)
2026-04-26T17:30:00Z	BUG-RT-SIGNUP-DUPLICATE-UX	signup-duplicate	既登録メアド signup → identities=[] パターンで重複通知 + ログイン切替ボタン表示	PASS
2026-04-26T17:30:00Z	BUG-RT-SIGNUP-DUPLICATE-UX	signup-duplicate	既登録メアド signup → error.message パターンで重複通知 + ログイン切替ボタン表示	PASS
2026-04-26T17:30:00Z	BUG-RT-SIGNUP-DUPLICATE-UX	signup-duplicate	「ログインに切替」ボタンクリック → /auth?mode=login&email=... 遷移 + メアド prefill	PASS
2026-04-26T17:30:00Z	SUMMARY	BUG-RT-SIGNUP-DUPLICATE-UX	PASS=6	FAIL=0	(signup-duplicate.spec.ts 3 件 + s01-auth.spec.ts 3 件 / 既存 baseline 不変 = 全 smoke 43 PASS / 2 既存 error-boundary FAIL)
2026-04-26T17:35:00Z	BUG-RT-SIGNUP-DUPLICATE-UX	cf-redeploy	deploy=4d601932 / curl health 200	PASS	(https://4d601932.lais-3yk.pages.dev / / /auth/callback)
2026-04-26T17:35:00Z	BUG-RT-SIGNUP-DUPLICATE-UX	cf-redeploy	cf-redeploy spec 16 PASS（既存 BUG-RT 修正反映確認）	PASS
2026-04-26T17:35:00Z	BUG-RT-SIGNUP-DUPLICATE-UX	cf-redeploy	S01Auth bundle に s01-duplicate-{notice,message,switch} CSS class + 「既に登録されています」文言含有	PASS
2026-04-26T17:35:00Z	SUMMARY-CF	BUG-RT-SIGNUP-DUPLICATE-UX	PASS=19	FAIL=0	(本ミッション cf-redeploy 3 件 + 既存 cf-redeploy spec 16 件、deploy=4d601932)
2026-04-26T09:57:34Z	A	test-target	PASS
