2026-04-25T12:43:36Z	vote_20260425T124336Z_75166	10vote_fallback	0	0	10	0	escalate
2026-04-25T12:43:42Z	vote_20260425T124342Z_75270	10vote_fallback	0	0	10	0	escalate
2026-04-25T12:43:55Z	vote_20260425T124355Z_75377	10vote_fallback	10	0	0	10	autonomous
2026-04-25T14:15:43Z	vote_20260425T141540Z_87500	14vote	2	0	12	2	escalate
2026-04-25T15:04:35Z	vote_20260425T150433Z_93028	14vote	0	2	12	2	escalate
2026-04-25T16:08:03Z	vote_20260425T160800Z_96105	14vote	1	2	11	1	escalate
2026-04-25T16:14:53Z	vote_20260425T161438Z_96911	14vote	8	2	4	6	autonomous
2026-04-25T16:17:26Z	vote_20260425T161712Z_3970	14vote	7	2	5	5	autonomous
2026-04-25T16:19:03Z	vote_20260425T161818Z_6759	14vote	6	3	5	3	escalate
2026-04-25T16:19:56Z	vote_20260425T161944Z_11464	14vote	1	2	11	1	escalate_abstain
2026-04-25T16:20:54Z	vote_20260425T162039Z_15684	14vote	8	2	4	6	autonomous
2026-04-25T16:23:04Z	vote_20260425T162252Z_18460	14vote	9	0	5	9	autonomous
2026-04-25T16:24:47Z	vote_20260425T162434Z_21363	14vote	8	0	6	8	autonomous
2026-04-25T16:53:50Z	vote_20260425T165338Z_27588	14vote	6	3	5	3	escalate
2026-04-25T16:55:41Z	vote_20260425T165527Z_30562	14vote	8	2	4	6	autonomous
2026-04-25T16:59:37Z	vote_20260425T165849Z_36540	14vote	7	2	5	5	autonomous
2026-04-25T17:04:48Z	lais_qa_strategy_clusterA	14vote	9	0	5	9	autonomous
2026-04-25T17:05:11Z	lais_qa_strategy_clusterB	14vote	10	0	4	10	autonomous
2026-04-25T17:05:41Z	lais_qa_strategy_clusterC	14vote	4	4	6	0	escalate
2026-04-25T21:07:05Z	vote_20260425T210603Z_61942	14vote	6	1	7	5	escalate_abstain
2026-04-25T21:18:49Z	vote_20260425T211747Z_72144	14vote	8	0	6	8	autonomous
2026-04-25T21:24:45Z	vote_20260425T212436Z_76264	14vote	11	0	3	11	autonomous
2026-04-25T21:30:33Z	vote_20260425T213021Z_79707	14vote	10	0	4	10	autonomous
2026-04-25T23:26:00Z	vote_20260425T232458Z_87724	14vote	0	10	4	10	autonomous
2026-04-26T04:49:38Z	vote_20260426T044835Z_11419	14vote	2	4	8	2	escalate_abstain
2026-04-26T05:09:25Z	vote_20260426T050918Z_22129	14vote	0	2	12	2	escalate_abstain
2026-04-26T05:48:33Z	vote_20260426T054731Z_26504	14vote	2	4	8	2	escalate_abstain
2026-04-26T05:50:30Z	vote_20260426T054927Z_30500	14vote	1	8	5	7	autonomous
2026-04-26T06:45:40Z	vote_20260426T064509Z_51550	14vote	0	2	12	2	escalate_abstain
2026-04-26T08:14:24Z	vote_20260426T081318Z_56619	14vote	4	7	3	3	escalate
2026-04-26T08:30:38Z	vote_20260426T082934Z_62305	14vote	1	7	6	6	autonomous
2026-04-26T08:30:56Z	vote_20260426T083005Z_64961	14vote	0	10	4	10	autonomous
2026-04-26T08:33:47Z	vote_20260426T083245Z_69319	14vote	4	4	6	0	escalate
2026-04-26T08:37:07Z	vote_20260426T083631Z_74839	14vote	4	5	5	1	escalate
2026-04-26T08:46:43Z	vote_20260426T084553Z_79497	14vote	2	6	6	4	escalate
2026-04-26T09:23:37Z	vote_20260426T092251Z_85525	14vote	1	11	2	10	autonomous
2026-04-26T09:24:54Z	vote_20260426T092414Z_87790	14vote	5	6	3	1	escalate
2026-04-26T09:30:56Z	vote_20260426T093020Z_92508	14vote	3	6	5	3	escalate
2026-04-26T09:35:24Z	vote_20260426T093458Z_96185	14vote	2	6	6	4	escalate
2026-04-26T09:50:46Z	vote_20260426T095012Z_105	14vote	0	12	2	12	autonomous
2026-04-26T14:13:38Z	vote_20260426T141338Z_21387	lightweight	0	0	0	0	escalate_lightweight
2026-04-27T23:48:53Z	vote_20260427T234850Z_8525	14vote	0	2	12	2	escalate
2026-04-28T05:25:27Z	Lais-Design-Skills-Parallel-Eval	14vote	0	2	12	2	escalate
